   1              		.cpu arm7tdmi
   2              		.fpu softvfp
   3              		.eabi_attribute 20, 1
   4              		.eabi_attribute 21, 1
   5              		.eabi_attribute 23, 3
   6              		.eabi_attribute 24, 1
   7              		.eabi_attribute 25, 1
   8              		.eabi_attribute 26, 1
   9              		.eabi_attribute 30, 6
  10              		.eabi_attribute 18, 4
  11              		.file	"D8Led.c"
  21              	.Ltext0:
  22              		.file 1 "../D8Led.c"
 1798              		.align	2
 1801              	Segments:
 1802 0000 80000000 		.word	128
 1803 0004 40000000 		.word	64
 1804 0008 20000000 		.word	32
 1805 000c 08000000 		.word	8
 1806 0010 04000000 		.word	4
 1807 0014 01000000 		.word	1
 1808 0018 02000000 		.word	2
 1809 001c 10000000 		.word	16
 1810              		.align	2
 1813              	Digits:
 1814 0020 ED000000 		.word	237
 1815 0024 60000000 		.word	96
 1816 0028 CE000000 		.word	206
 1817 002c EA000000 		.word	234
 1818 0030 63000000 		.word	99
 1819 0034 AB000000 		.word	171
 1820 0038 AF000000 		.word	175
 1821 003c E0000000 		.word	224
 1822 0040 EF000000 		.word	239
 1823 0044 E3000000 		.word	227
 1824 0048 E7000000 		.word	231
 1825 004c 2F000000 		.word	47
 1826 0050 67000000 		.word	103
 1827 0054 ED000000 		.word	237
 1828 0058 0D000000 		.word	13
 1829 005c E7000000 		.word	231
 1830              		.text
 1831              		.align	2
 1832              		.global	D8Led_init
 1834              	D8Led_init:
 1835              	.LFB0:
   1:../D8Led.c    **** /*-------------------------------------------------------------------
   2:../D8Led.c    **** **
   3:../D8Led.c    **** **  Fichero:
   4:../D8Led.c    **** **    D8Led.c  10/6/2014
   5:../D8Led.c    **** **
   6:../D8Led.c    **** **    Estructura de Computadores
   7:../D8Led.c    **** **    Dpto. de Arquitectura de Computadores y Automï¿½tica
   8:../D8Led.c    **** **    Facultad de Informï¿½tica. Universidad Complutense de Madrid
   9:../D8Led.c    **** **
  10:../D8Led.c    **** **  Propï¿½sito:
  11:../D8Led.c    **** **    Contiene las implementaciones de las funciones
  12:../D8Led.c    **** **    para el acceso al display 8-segmentos de la placa de prototipado
  13:../D8Led.c    **** **
  14:../D8Led.c    **** **  Notas de diseï¿½o:
  15:../D8Led.c    **** **    Equivale al fichero homï¿½nimo usado en Fundamentos de Computadores 
  16:../D8Led.c    **** **
  17:../D8Led.c    **** **-----------------------------------------------------------------*/
  18:../D8Led.c    **** 
  19:../D8Led.c    **** #include "44b.h"
  20:../D8Led.c    **** #include "D8Led.h"
  21:../D8Led.c    **** 
  22:../D8Led.c    **** /* 
  23:../D8Led.c    ****  * Mascaras utiles para el uso del display de 8 segmentos
  24:../D8Led.c    ****  * Cada bit representa un segmento. En la mascara ponemos
  25:../D8Led.c    ****  * un 1 si queremos que se encienda dicho segmento. Como 
  26:../D8Led.c    ****  * el display funciona con logica invertida, nos toca 
  27:../D8Led.c    ****  * invertir el valor al escribir en el puerto.
  28:../D8Led.c    ****  */
  29:../D8Led.c    **** #define SEGMENT_A		0x80		
  30:../D8Led.c    **** #define SEGMENT_B		0x40
  31:../D8Led.c    **** #define SEGMENT_C		0x20
  32:../D8Led.c    **** #define SEGMENT_D		0x08
  33:../D8Led.c    **** #define SEGMENT_E		0x04
  34:../D8Led.c    **** #define SEGMENT_F		0x02
  35:../D8Led.c    **** #define SEGMENT_G		0x01
  36:../D8Led.c    **** #define SEGMENT_P		0x10
  37:../D8Led.c    **** 
  38:../D8Led.c    **** #define DIGIT_0  ( SEGMENT_A | SEGMENT_B | SEGMENT_C | SEGMENT_D | SEGMENT_E | SEGMENT_G )
  39:../D8Led.c    **** #define DIGIT_1  ( SEGMENT_B | SEGMENT_C )
  40:../D8Led.c    **** #define DIGIT_2  ( SEGMENT_A | SEGMENT_B | SEGMENT_F | SEGMENT_E | SEGMENT_D )
  41:../D8Led.c    **** #define DIGIT_3  ( SEGMENT_A | SEGMENT_B | SEGMENT_C | SEGMENT_D | SEGMENT_F )
  42:../D8Led.c    **** #define DIGIT_4  ( SEGMENT_F | SEGMENT_B | SEGMENT_C | SEGMENT_G )
  43:../D8Led.c    **** #define DIGIT_5  ( SEGMENT_A | SEGMENT_C | SEGMENT_D | SEGMENT_G | SEGMENT_F )
  44:../D8Led.c    **** #define DIGIT_6  ( SEGMENT_A | SEGMENT_C | SEGMENT_D | SEGMENT_E | SEGMENT_F | SEGMENT_G )
  45:../D8Led.c    **** #define DIGIT_7  ( SEGMENT_A | SEGMENT_B | SEGMENT_C )
  46:../D8Led.c    **** #define DIGIT_8  ( SEGMENT_A | SEGMENT_B | SEGMENT_C | SEGMENT_D | SEGMENT_E | SEGMENT_F | SEGMENT_
  47:../D8Led.c    **** #define DIGIT_9  ( SEGMENT_A | SEGMENT_B | SEGMENT_C | SEGMENT_F | SEGMENT_G )
  48:../D8Led.c    **** #define DIGIT_A  ( SEGMENT_A | SEGMENT_B | SEGMENT_C | SEGMENT_E | SEGMENT_F | SEGMENT_G )
  49:../D8Led.c    **** #define DIGIT_B  ( SEGMENT_C | SEGMENT_D | SEGMENT_E | SEGMENT_F | SEGMENT_G )
  50:../D8Led.c    **** #define DIGIT_C  ( SEGMENT_D | SEGMENT_E | SEGMENT_F )
  51:../D8Led.c    **** #define DIGIT_D  ( SEGMENT_B | SEGMENT_C | SEGMENT_D | SEGMENT_E | SEGMENT_F )
  52:../D8Led.c    **** #define DIGIT_E  ( SEGMENT_A | SEGMENT_D | SEGMENT_E | SEGMENT_F | SEGMENT_G )
  53:../D8Led.c    **** #define DIGIT_F  ( SEGMENT_A | SEGMENT_E | SEGMENT_F | SEGMENT_G )
  54:../D8Led.c    **** #define DIGIT_H  ( SEGMENT_B | SEGMENT_C | SEGMENT_E | SEGMENT_F | SEGMENT_G )
  55:../D8Led.c    **** #define DIGIT_O  ( SEGMENT_A | SEGMENT_B | SEGMENT_C | SEGMENT_D | SEGMENT_E | SEGMENT_G )
  56:../D8Led.c    **** #define DIGIT_L  ( SEGMENT_D | SEGMENT_E | SEGMENT_G)
  57:../D8Led.c    **** #define DIGIT_A  ( SEGMENT_A | SEGMENT_B | SEGMENT_C | SEGMENT_E | SEGMENT_F | SEGMENT_G )
  58:../D8Led.c    **** 
  59:../D8Led.c    **** 
  60:../D8Led.c    **** /* Tablas para facilitar el uso del display */
  61:../D8Led.c    **** 
  62:../D8Led.c    **** static unsigned int Segments[] = { SEGMENT_A, SEGMENT_B, SEGMENT_C, SEGMENT_D,
  63:../D8Led.c    **** 	                               SEGMENT_E, SEGMENT_G, SEGMENT_F, SEGMENT_P };
  64:../D8Led.c    **** 
  65:../D8Led.c    **** static unsigned int Digits[] = { DIGIT_0, DIGIT_1, DIGIT_2, DIGIT_3, 
  66:../D8Led.c    **** 	 							 DIGIT_4, DIGIT_5, DIGIT_6, DIGIT_7, 
  67:../D8Led.c    **** 								 DIGIT_8, DIGIT_9, DIGIT_A, DIGIT_B,
  68:../D8Led.c    **** 								 DIGIT_H, DIGIT_O, DIGIT_L, DIGIT_A };
  69:../D8Led.c    **** 			  					  
  70:../D8Led.c    **** void D8Led_init(void)
  71:../D8Led.c    **** {
 1836              		.loc 1 71 0
 1837              		.cfi_startproc
 1838              		@ Function supports interworking.
 1839              		@ args = 0, pretend = 0, frame = 0
 1840              		@ frame_needed = 1, uses_anonymous_args = 0
 1841 0000 0DC0A0E1 		mov	ip, sp
 1842              	.LCFI0:
 1843              		.cfi_def_cfa_register 12
 1844 0004 00D82DE9 		stmfd	sp!, {fp, ip, lr, pc}
 1845 0008 04B04CE2 		sub	fp, ip, #4
 1846              		.cfi_offset 14, -8
 1847              		.cfi_offset 13, -12
 1848              		.cfi_offset 11, -16
 1849              	.LCFI1:
 1850              		.cfi_def_cfa 11, 4
  72:../D8Led.c    ****     LED8ADDR = ~0 ;
 1851              		.loc 1 72 0
 1852 000c 8537A0E3 		mov	r3, #34865152
 1853 0010 0020E0E3 		mvn	r2, #0
 1854 0014 0020C3E5 		strb	r2, [r3, #0]
  73:../D8Led.c    **** }
 1855              		.loc 1 73 0
 1856 0018 0CD04BE2 		sub	sp, fp, #12
 1857 001c 00689DE8 		ldmfd	sp, {fp, sp, lr}
 1858 0020 1EFF2FE1 		bx	lr
 1859              		.cfi_endproc
 1860              	.LFE0:
 1862              		.align	2
 1863              		.global	D8Led_segment
 1865              	D8Led_segment:
 1866              	.LFB1:
  74:../D8Led.c    **** 
  75:../D8Led.c    **** void D8Led_segment(int value)
  76:../D8Led.c    **** {
 1867              		.loc 1 76 0
 1868              		.cfi_startproc
 1869              		@ Function supports interworking.
 1870              		@ args = 0, pretend = 0, frame = 8
 1871              		@ frame_needed = 1, uses_anonymous_args = 0
 1872 0024 0DC0A0E1 		mov	ip, sp
 1873              	.LCFI2:
 1874              		.cfi_def_cfa_register 12
 1875 0028 00D82DE9 		stmfd	sp!, {fp, ip, lr, pc}
 1876 002c 04B04CE2 		sub	fp, ip, #4
 1877              		.cfi_offset 14, -8
 1878              		.cfi_offset 13, -12
 1879              		.cfi_offset 11, -16
 1880              	.LCFI3:
 1881              		.cfi_def_cfa 11, 4
 1882 0030 08D04DE2 		sub	sp, sp, #8
 1883 0034 10000BE5 		str	r0, [fp, #-16]
  77:../D8Led.c    **** 	if( (value >= 0) && (value < 8) )
 1884              		.loc 1 77 0
 1885 0038 10301BE5 		ldr	r3, [fp, #-16]
 1886 003c 000053E3 		cmp	r3, #0
 1887 0040 0A0000BA 		blt	.L2
 1888              		.loc 1 77 0 is_stmt 0 discriminator 1
 1889 0044 10301BE5 		ldr	r3, [fp, #-16]
 1890 0048 070053E3 		cmp	r3, #7
 1891 004c 070000CA 		bgt	.L2
  78:../D8Led.c    **** 		// COMPLETAR: debemos escribir en el display (LED8ADDR) el valor
  79:../D8Led.c    **** 		// correcto para que se ilumine el segmento que está en la posición
  80:../D8Led.c    **** 		// value del array Segmentes. Hay que tener en cuente que el display
  81:../D8Led.c    **** 		// usa lógica invertida (0 enciende, 1 apaga).
  82:../D8Led.c    **** 		LED8ADDR = ~Segments[value];
 1892              		.loc 1 82 0 is_stmt 1
 1893 0050 8537A0E3 		mov	r3, #34865152
 1894 0054 20209FE5 		ldr	r2, .L4
 1895 0058 10101BE5 		ldr	r1, [fp, #-16]
 1896 005c 012192E7 		ldr	r2, [r2, r1, asl #2]
 1897 0060 FF2002E2 		and	r2, r2, #255
 1898 0064 0220E0E1 		mvn	r2, r2
 1899 0068 FF2002E2 		and	r2, r2, #255
 1900 006c 0020C3E5 		strb	r2, [r3, #0]
 1901              	.L2:
  83:../D8Led.c    **** 
  84:../D8Led.c    **** }
 1902              		.loc 1 84 0
 1903 0070 0CD04BE2 		sub	sp, fp, #12
 1904 0074 00689DE8 		ldmfd	sp, {fp, sp, lr}
 1905 0078 1EFF2FE1 		bx	lr
 1906              	.L5:
 1907              		.align	2
 1908              	.L4:
 1909 007c 00000000 		.word	Segments
 1910              		.cfi_endproc
 1911              	.LFE1:
 1913              		.align	2
 1914              		.global	D8Led_digit
 1916              	D8Led_digit:
 1917              	.LFB2:
  85:../D8Led.c    **** 
  86:../D8Led.c    **** void D8Led_digit(int value)
  87:../D8Led.c    **** {
 1918              		.loc 1 87 0
 1919              		.cfi_startproc
 1920              		@ Function supports interworking.
 1921              		@ args = 0, pretend = 0, frame = 8
 1922              		@ frame_needed = 1, uses_anonymous_args = 0
 1923 0080 0DC0A0E1 		mov	ip, sp
 1924              	.LCFI4:
 1925              		.cfi_def_cfa_register 12
 1926 0084 00D82DE9 		stmfd	sp!, {fp, ip, lr, pc}
 1927 0088 04B04CE2 		sub	fp, ip, #4
 1928              		.cfi_offset 14, -8
 1929              		.cfi_offset 13, -12
 1930              		.cfi_offset 11, -16
 1931              	.LCFI5:
 1932              		.cfi_def_cfa 11, 4
 1933 008c 08D04DE2 		sub	sp, sp, #8
 1934 0090 10000BE5 		str	r0, [fp, #-16]
  88:../D8Led.c    **** 	if( (value >= 0) && (value < 16) )
 1935              		.loc 1 88 0
 1936 0094 10301BE5 		ldr	r3, [fp, #-16]
 1937 0098 000053E3 		cmp	r3, #0
 1938 009c 0A0000BA 		blt	.L6
 1939              		.loc 1 88 0 is_stmt 0 discriminator 1
 1940 00a0 10301BE5 		ldr	r3, [fp, #-16]
 1941 00a4 0F0053E3 		cmp	r3, #15
 1942 00a8 070000CA 		bgt	.L6
  89:../D8Led.c    **** 		// COMPLETAR: debemos escribir en el display (LED8ADDR) el valor
  90:../D8Led.c    **** 		// correcto para que se ilumine el dígito que está en la posición
  91:../D8Led.c    **** 		// value del array Digits. Hay que tener en cuente que el display
  92:../D8Led.c    **** 		// usa lógica invertida (0 enciende, 1 apaga).
  93:../D8Led.c    **** 		LED8ADDR = ~Digits[value];
 1943              		.loc 1 93 0 is_stmt 1
 1944 00ac 8537A0E3 		mov	r3, #34865152
 1945 00b0 20209FE5 		ldr	r2, .L8
 1946 00b4 10101BE5 		ldr	r1, [fp, #-16]
 1947 00b8 012192E7 		ldr	r2, [r2, r1, asl #2]
 1948 00bc FF2002E2 		and	r2, r2, #255
 1949 00c0 0220E0E1 		mvn	r2, r2
 1950 00c4 FF2002E2 		and	r2, r2, #255
 1951 00c8 0020C3E5 		strb	r2, [r3, #0]
 1952              	.L6:
  94:../D8Led.c    **** 
  95:../D8Led.c    **** }
 1953              		.loc 1 95 0
 1954 00cc 0CD04BE2 		sub	sp, fp, #12
 1955 00d0 00689DE8 		ldmfd	sp, {fp, sp, lr}
 1956 00d4 1EFF2FE1 		bx	lr
 1957              	.L9:
 1958              		.align	2
 1959              	.L8:
 1960 00d8 20000000 		.word	Digits
 1961              		.cfi_endproc
 1962              	.LFE2:
 1964              	.Letext0:
DEFINED SYMBOLS
                            *ABS*:00000000 D8Led.c
C:\Users\ignac\AppData\Local\Temp\ccSPbqFe.s:1798   .data:00000000 $d
C:\Users\ignac\AppData\Local\Temp\ccSPbqFe.s:1801   .data:00000000 Segments
C:\Users\ignac\AppData\Local\Temp\ccSPbqFe.s:1813   .data:00000020 Digits
C:\Users\ignac\AppData\Local\Temp\ccSPbqFe.s:1831   .text:00000000 $a
C:\Users\ignac\AppData\Local\Temp\ccSPbqFe.s:1834   .text:00000000 D8Led_init
C:\Users\ignac\AppData\Local\Temp\ccSPbqFe.s:1865   .text:00000024 D8Led_segment
C:\Users\ignac\AppData\Local\Temp\ccSPbqFe.s:1909   .text:0000007c $d
C:\Users\ignac\AppData\Local\Temp\ccSPbqFe.s:1913   .text:00000080 $a
C:\Users\ignac\AppData\Local\Temp\ccSPbqFe.s:1916   .text:00000080 D8Led_digit
C:\Users\ignac\AppData\Local\Temp\ccSPbqFe.s:1960   .text:000000d8 $d
                     .debug_frame:00000010 $d

NO UNDEFINED SYMBOLS
