Archive member included because of file (symbol)

d:/ec/eclipsearm/sourcery-g++-lite-arm-2011.03/bin/../lib/gcc/arm-none-eabi/4.5.2\libgcc.a(_divsi3.o)
                              ./utils.o (__aeabi_idiv)
d:/ec/eclipsearm/sourcery-g++-lite-arm-2011.03/bin/../lib/gcc/arm-none-eabi/4.5.2\libgcc.a(_dvmd_tls.o)
                              d:/ec/eclipsearm/sourcery-g++-lite-arm-2011.03/bin/../lib/gcc/arm-none-eabi/4.5.2\libgcc.a(_divsi3.o) (__aeabi_idiv0)

Allocating common symbols
Common symbol       size              file

two                 0x4               ./main.o
ocupado             0x4               ./main.o
cont2               0x4               ./main.o
mode                0x4               ./main.o
cont                0x4               ./main.o

Memory Configuration

Name             Origin             Length             Attributes
*default*        0x00000000         0xffffffff

Linker script and memory map

LOAD ./.metadata/.plugins/org.eclipse.cdt.make.core/specs.o
LOAD ./D8Led.o
LOAD ./button.o
LOAD ./gpio.o
LOAD ./init.o
LOAD ./intcontroller.o
LOAD ./keyboard.o
LOAD ./leds.o
LOAD ./main.o
LOAD ./timer.o
LOAD ./utils.o
START GROUP
LOAD d:/ec/eclipsearm/sourcery-g++-lite-arm-2011.03/bin/../lib/gcc/arm-none-eabi/4.5.2\libgcc.a
LOAD d:/ec/eclipsearm/sourcery-g++-lite-arm-2011.03/bin/../lib/gcc/arm-none-eabi/4.5.2/../../../../arm-none-eabi/lib\libc.a
END GROUP
                0x0c100000                . = 0xc100000

.data           0x0c100000       0xc8
 *(.data*)
 .data          0x0c100000        0x0 ./.metadata/.plugins/org.eclipse.cdt.make.core/specs.o
 .data          0x0c100000       0x60 ./D8Led.o
 .data          0x0c100060        0x0 ./button.o
 .data          0x0c100060        0x0 ./gpio.o
 .data          0x0c100060        0x0 ./init.o
 .data          0x0c100060        0x0 ./intcontroller.o
 .data          0x0c100060        0x4 ./keyboard.o
 .data          0x0c100064        0x0 ./leds.o
 .data          0x0c100064       0x10 ./main.o
 .data          0x0c100074        0x0 ./timer.o
 .data          0x0c100074        0x4 ./utils.o
 .data          0x0c100078        0x0 d:/ec/eclipsearm/sourcery-g++-lite-arm-2011.03/bin/../lib/gcc/arm-none-eabi/4.5.2\libgcc.a(_divsi3.o)
 .data          0x0c100078        0x0 d:/ec/eclipsearm/sourcery-g++-lite-arm-2011.03/bin/../lib/gcc/arm-none-eabi/4.5.2\libgcc.a(_dvmd_tls.o)
 *(.rodata*)
 .rodata        0x0c100078       0x50 ./keyboard.o
                0x0c1000c8                Image_ZI_Base = .

.bss            0x0c1000c8       0x18
 *(.bss*)
 .bss           0x0c1000c8        0x0 ./.metadata/.plugins/org.eclipse.cdt.make.core/specs.o
 .bss           0x0c1000c8        0x0 ./D8Led.o
 .bss           0x0c1000c8        0x0 ./button.o
 .bss           0x0c1000c8        0x0 ./gpio.o
 .bss           0x0c1000c8        0x0 ./init.o
 .bss           0x0c1000c8        0x0 ./intcontroller.o
 .bss           0x0c1000c8        0x0 ./keyboard.o
 .bss           0x0c1000c8        0x4 ./leds.o
 .bss           0x0c1000cc        0x0 ./main.o
 .bss           0x0c1000cc        0x0 ./timer.o
 .bss           0x0c1000cc        0x0 ./utils.o
 .bss           0x0c1000cc        0x0 d:/ec/eclipsearm/sourcery-g++-lite-arm-2011.03/bin/../lib/gcc/arm-none-eabi/4.5.2\libgcc.a(_divsi3.o)
 .bss           0x0c1000cc        0x0 d:/ec/eclipsearm/sourcery-g++-lite-arm-2011.03/bin/../lib/gcc/arm-none-eabi/4.5.2\libgcc.a(_dvmd_tls.o)
 *(COMMON)
 COMMON         0x0c1000cc       0x14 ./main.o
                0x0c1000cc                two
                0x0c1000d0                ocupado
                0x0c1000d4                cont2
                0x0c1000d8                mode
                0x0c1000dc                cont
                0x0c1000e0                Image_ZI_Limit = .

.text           0x0c1000e0     0x21fc
 *(.text*)
 .text          0x0c1000e0        0x0 ./.metadata/.plugins/org.eclipse.cdt.make.core/specs.o
 .text          0x0c1000e0       0xdc ./D8Led.o
                0x0c1000e0                D8Led_init
                0x0c100104                D8Led_segment
                0x0c100160                D8Led_digit
 .text          0x0c1001bc       0x84 ./button.o
                0x0c1001bc                read_button
 .text          0x0c100240      0x75c ./gpio.o
                0x0c100240                portB_conf
                0x0c100308                portB_write
                0x0c1003c4                portG_conf
                0x0c100528                portG_eint_trig
                0x0c10070c                portG_write
                0x0c100810                portG_read
                0x0c1008d4                portG_conf_pup
 .text          0x0c10099c      0x100 ./init.o
                0x0c10099c                start
 .text          0x0c100a9c      0x408 ./intcontroller.o
                0x0c100a9c                ic_init
                0x0c100ae0                ic_conf_irq
                0x0c100bb8                ic_conf_fiq
                0x0c100c3c                ic_conf_line
                0x0c100d0c                ic_enable
                0x0c100d88                ic_disable
                0x0c100dec                ic_cleanflag
 .text          0x0c100ea4      0x1a4 ./keyboard.o
                0x0c100ea4                kb_scan
 .text          0x0c101048      0x2c8 ./leds.o
                0x0c101048                leds_init
                0x0c10108c                led1_on
                0x0c1010cc                led1_off
                0x0c10110c                led2_on
                0x0c10114c                led2_off
                0x0c10118c                led1_switch
                0x0c1011cc                led2_switch
                0x0c10120c                leds_switch
                0x0c10124c                leds_display
 .text          0x0c101310      0x728 ./main.o
                0x0c101310                timer_ISR
                0x0c101408                timer1_ISR
                0x0c10151c                button_ISR
                0x0c1016d0                keyboard_ISR
                0x0c1017fc                setup
                0x0c101a00                loop
                0x0c101a20                main
 .text          0x0c101a38      0x620 ./timer.o
                0x0c101a38                tmr_set_prescaler
                0x0c101ae4                tmr_set_divider
                0x0c101bf0                tmr_set_count
                0x0c101d24                tmr_update
                0x0c101dd0                tmr_set_mode
                0x0c101eb4                tmr_start
                0x0c101f3c                tmr_stop
                0x0c101fc8                tmr_isrunning
 .text          0x0c102058      0x138 ./utils.o
                0x0c102058                Delay
 .text          0x0c102190      0x148 d:/ec/eclipsearm/sourcery-g++-lite-arm-2011.03/bin/../lib/gcc/arm-none-eabi/4.5.2\libgcc.a(_divsi3.o)
                0x0c102190                __divsi3
                0x0c102190                __aeabi_idiv
                0x0c1022b8                __aeabi_idivmod
 .text          0x0c1022d8        0x4 d:/ec/eclipsearm/sourcery-g++-lite-arm-2011.03/bin/../lib/gcc/arm-none-eabi/4.5.2\libgcc.a(_dvmd_tls.o)
                0x0c1022d8                __aeabi_idiv0
                0x0c1022d8                __aeabi_ldiv0
                0x0c1022dc                PROVIDE (end, .)
START GROUP
LOAD d:/ec/eclipsearm/sourcery-g++-lite-arm-2011.03/bin/../lib/gcc/arm-none-eabi/4.5.2\libgcc.a
LOAD d:/ec/eclipsearm/sourcery-g++-lite-arm-2011.03/bin/../lib/gcc/arm-none-eabi/4.5.2/../../../../arm-none-eabi/lib\libg.a
LOAD d:/ec/eclipsearm/sourcery-g++-lite-arm-2011.03/bin/../lib/gcc/arm-none-eabi/4.5.2/../../../../arm-none-eabi/lib\libc.a
LOAD d:/ec/eclipsearm/sourcery-g++-lite-arm-2011.03/bin/../lib/gcc/arm-none-eabi/4.5.2/../../../../arm-none-eabi/lib\libm.a
LOAD d:/ec/eclipsearm/sourcery-g++-lite-arm-2011.03/bin/../lib/gcc/arm-none-eabi/4.5.2/../../../../arm-none-eabi/lib\libnosys.a
END GROUP
OUTPUT(p33333333333333.elf elf32-littlearm)

.glue_7         0x0c1022dc        0x0
 .glue_7        0x00000000        0x0 linker stubs

.glue_7t        0x0c1022dc        0x0
 .glue_7t       0x00000000        0x0 linker stubs

.vfp11_veneer   0x0c1022dc        0x0
 .vfp11_veneer  0x00000000        0x0 linker stubs

.v4_bx          0x0c1022dc        0x0
 .v4_bx         0x00000000        0x0 linker stubs

.debug_abbrev   0x00000000      0x601
 .debug_abbrev  0x00000000       0x16 ./.metadata/.plugins/org.eclipse.cdt.make.core/specs.o
 .debug_abbrev  0x00000016       0x88 ./D8Led.o
 .debug_abbrev  0x0000009e       0x79 ./button.o
 .debug_abbrev  0x00000117       0xb7 ./gpio.o
 .debug_abbrev  0x000001ce       0x14 ./init.o
 .debug_abbrev  0x000001e2       0xce ./intcontroller.o
 .debug_abbrev  0x000002b0       0x85 ./keyboard.o
 .debug_abbrev  0x00000335       0x8c ./leds.o
 .debug_abbrev  0x000003c1      0x136 ./main.o
 .debug_abbrev  0x000004f7       0xa5 ./timer.o
 .debug_abbrev  0x0000059c       0x65 ./utils.o

.debug_info     0x00000000     0x1085
 .debug_info    0x00000000       0x29 ./.metadata/.plugins/org.eclipse.cdt.make.core/specs.o
 .debug_info    0x00000029       0xdf ./D8Led.o
 .debug_info    0x00000108       0x84 ./button.o
 .debug_info    0x0000018c      0x291 ./gpio.o
 .debug_info    0x0000041d       0x58 ./init.o
 .debug_info    0x00000475      0x290 ./intcontroller.o
 .debug_info    0x00000705       0xeb ./keyboard.o
 .debug_info    0x000007f0      0x139 ./leds.o
 .debug_info    0x00000929      0x408 ./main.o
 .debug_info    0x00000d31      0x2d0 ./timer.o
 .debug_info    0x00001001       0x84 ./utils.o

.debug_line     0x00000000      0x996
 .debug_line    0x00000000       0x58 ./.metadata/.plugins/org.eclipse.cdt.make.core/specs.o
 .debug_line    0x00000058       0x6d ./D8Led.o
 .debug_line    0x000000c5       0x87 ./button.o
 .debug_line    0x0000014c       0xf8 ./gpio.o
 .debug_line    0x00000244       0x6c ./init.o
 .debug_line    0x000002b0       0xaf ./intcontroller.o
 .debug_line    0x0000035f       0x7d ./keyboard.o
 .debug_line    0x000003dc       0x8c ./leds.o
 .debug_line    0x00000468      0x3e4 ./main.o
 .debug_line    0x0000084c       0xdf ./timer.o
 .debug_line    0x0000092b       0x6b ./utils.o

.debug_macinfo  0x00000000    0x2fcbd
 .debug_macinfo
                0x00000000     0x20fc ./.metadata/.plugins/org.eclipse.cdt.make.core/specs.o
 .debug_macinfo
                0x000020fc     0x51c3 ./D8Led.o
 .debug_macinfo
                0x000072bf     0x4c12 ./button.o
 .debug_macinfo
                0x0000bed1     0x4bcb ./gpio.o
 .debug_macinfo
                0x00010a9c     0x4bed ./intcontroller.o
 .debug_macinfo
                0x00015689     0x4be5 ./keyboard.o
 .debug_macinfo
                0x0001a26e     0x4c0e ./leds.o
 .debug_macinfo
                0x0001ee7c     0x76a9 ./main.o
 .debug_macinfo
                0x00026525     0x4bcc ./timer.o
 .debug_macinfo
                0x0002b0f1     0x4bcc ./utils.o

.debug_str      0x00000000      0x5c9
 .debug_str     0x00000000       0x74 ./.metadata/.plugins/org.eclipse.cdt.make.core/specs.o
 .debug_str     0x00000074       0x46 ./D8Led.o
                                 0x8f (size before relaxing)
 .debug_str     0x000000ba       0x4d ./button.o
                                 0x6b (size before relaxing)
 .debug_str     0x00000107       0xbb ./gpio.o
                                0x10a (size before relaxing)
 .debug_str     0x000001c2      0x190 ./intcontroller.o
                                0x1ee (size before relaxing)
 .debug_str     0x00000352       0x3d ./keyboard.o
                                 0x86 (size before relaxing)
 .debug_str     0x0000038f       0x79 ./leds.o
                                 0xcb (size before relaxing)
 .debug_str     0x00000408      0x11a ./main.o
                                0x367 (size before relaxing)
 .debug_str     0x00000522       0x7b ./timer.o
                                0x139 (size before relaxing)
 .debug_str     0x0000059d       0x2c ./utils.o
                                 0x5d (size before relaxing)

.comment        0x00000000       0x2a
 .comment       0x00000000       0x2a ./.metadata/.plugins/org.eclipse.cdt.make.core/specs.o
                                 0x2b (size before relaxing)
 .comment       0x00000000       0x2b ./D8Led.o
 .comment       0x00000000       0x2b ./button.o
 .comment       0x00000000       0x2b ./gpio.o
 .comment       0x00000000       0x2b ./intcontroller.o
 .comment       0x00000000       0x2b ./keyboard.o
 .comment       0x00000000       0x2b ./leds.o
 .comment       0x00000000       0x2b ./main.o
 .comment       0x00000000       0x2b ./timer.o
 .comment       0x00000000       0x2b ./utils.o

.ARM.attributes
                0x00000000       0x30
 .ARM.attributes
                0x00000000       0x32 ./.metadata/.plugins/org.eclipse.cdt.make.core/specs.o
 .ARM.attributes
                0x00000032       0x32 ./D8Led.o
 .ARM.attributes
                0x00000064       0x32 ./button.o
 .ARM.attributes
                0x00000096       0x32 ./gpio.o
 .ARM.attributes
                0x000000c8       0x22 ./init.o
 .ARM.attributes
                0x000000ea       0x32 ./intcontroller.o
 .ARM.attributes
                0x0000011c       0x32 ./keyboard.o
 .ARM.attributes
                0x0000014e       0x32 ./leds.o
 .ARM.attributes
                0x00000180       0x32 ./main.o
 .ARM.attributes
                0x000001b2       0x32 ./timer.o
 .ARM.attributes
                0x000001e4       0x32 ./utils.o
 .ARM.attributes
                0x00000216       0x1a d:/ec/eclipsearm/sourcery-g++-lite-arm-2011.03/bin/../lib/gcc/arm-none-eabi/4.5.2\libgcc.a(_divsi3.o)
 .ARM.attributes
                0x00000230       0x18 d:/ec/eclipsearm/sourcery-g++-lite-arm-2011.03/bin/../lib/gcc/arm-none-eabi/4.5.2\libgcc.a(_dvmd_tls.o)

.debug_loc      0x00000000      0x790
 .debug_loc     0x00000000       0x84 ./D8Led.o
 .debug_loc     0x00000084       0x2c ./button.o
 .debug_loc     0x000000b0      0x134 ./gpio.o
 .debug_loc     0x000001e4      0x134 ./intcontroller.o
 .debug_loc     0x00000318       0x2c ./keyboard.o
 .debug_loc     0x00000344      0x18c ./leds.o
 .debug_loc     0x000004d0      0x134 ./main.o
 .debug_loc     0x00000604      0x160 ./timer.o
 .debug_loc     0x00000764       0x2c ./utils.o

.debug_pubnames
                0x00000000      0x36b
 .debug_pubnames
                0x00000000       0x43 ./D8Led.o
 .debug_pubnames
                0x00000043       0x22 ./button.o
 .debug_pubnames
                0x00000065       0x86 ./gpio.o
 .debug_pubnames
                0x000000eb       0x7d ./intcontroller.o
 .debug_pubnames
                0x00000168       0x1e ./keyboard.o
 .debug_pubnames
                0x00000186       0x93 ./leds.o
 .debug_pubnames
                0x00000219       0x9b ./main.o
 .debug_pubnames
                0x000002b4       0x9b ./timer.o
 .debug_pubnames
                0x0000034f       0x1c ./utils.o

.debug_pubtypes
                0x00000000      0x1c0
 .debug_pubtypes
                0x00000000       0x12 ./D8Led.o
 .debug_pubtypes
                0x00000012       0x1e ./button.o
 .debug_pubtypes
                0x00000030       0x43 ./gpio.o
 .debug_pubtypes
                0x00000073       0x43 ./intcontroller.o
 .debug_pubtypes
                0x000000b6       0x12 ./keyboard.o
 .debug_pubtypes
                0x000000c8       0x1e ./leds.o
 .debug_pubtypes
                0x000000e6       0x8f ./main.o
 .debug_pubtypes
                0x00000175       0x39 ./timer.o
 .debug_pubtypes
                0x000001ae       0x12 ./utils.o

.debug_aranges  0x00000000      0x140
 .debug_aranges
                0x00000000       0x20 ./D8Led.o
 .debug_aranges
                0x00000020       0x20 ./button.o
 .debug_aranges
                0x00000040       0x20 ./gpio.o
 .debug_aranges
                0x00000060       0x20 ./init.o
 .debug_aranges
                0x00000080       0x20 ./intcontroller.o
 .debug_aranges
                0x000000a0       0x20 ./keyboard.o
 .debug_aranges
                0x000000c0       0x20 ./leds.o
 .debug_aranges
                0x000000e0       0x20 ./main.o
 .debug_aranges
                0x00000100       0x20 ./timer.o
 .debug_aranges
                0x00000120       0x20 ./utils.o

.debug_frame    0x00000000      0x664
 .debug_frame   0x00000000       0x70 ./D8Led.o
 .debug_frame   0x00000070       0x30 ./button.o
 .debug_frame   0x000000a0       0xf0 ./gpio.o
 .debug_frame   0x00000190       0xf0 ./intcontroller.o
 .debug_frame   0x00000280       0x34 ./keyboard.o
 .debug_frame   0x000002b4      0x130 ./leds.o
 .debug_frame   0x000003e4      0x120 ./main.o
 .debug_frame   0x00000504      0x110 ./timer.o
 .debug_frame   0x00000614       0x30 ./utils.o
 .debug_frame   0x00000644       0x20 d:/ec/eclipsearm/sourcery-g++-lite-arm-2011.03/bin/../lib/gcc/arm-none-eabi/4.5.2\libgcc.a(_divsi3.o)
