Archive member included because of file (symbol)

d:/ec/eclipsearm/sourcery-g++-lite-arm-2011.03/bin/../lib/gcc/arm-none-eabi/4.5.2\libgcc.a(_divsi3.o)
                              ./utils.o (__aeabi_idiv)
d:/ec/eclipsearm/sourcery-g++-lite-arm-2011.03/bin/../lib/gcc/arm-none-eabi/4.5.2\libgcc.a(_dvmd_tls.o)
                              d:/ec/eclipsearm/sourcery-g++-lite-arm-2011.03/bin/../lib/gcc/arm-none-eabi/4.5.2\libgcc.a(_divsi3.o) (__aeabi_idiv0)

Allocating common symbols
Common symbol       size              file

luz                 0x4               ./main.o

Memory Configuration

Name             Origin             Length             Attributes
*default*        0x00000000         0xffffffff

Linker script and memory map

LOAD ./D8Led.o
LOAD ./button.o
LOAD ./gpio.o
LOAD ./init.o
LOAD ./leds.o
LOAD ./main.o
LOAD ./utils.o
START GROUP
LOAD d:/ec/eclipsearm/sourcery-g++-lite-arm-2011.03/bin/../lib/gcc/arm-none-eabi/4.5.2\libgcc.a
LOAD d:/ec/eclipsearm/sourcery-g++-lite-arm-2011.03/bin/../lib/gcc/arm-none-eabi/4.5.2/../../../../arm-none-eabi/lib\libc.a
END GROUP
                0x0c100000                . = 0xc100000

.data           0x0c100000       0x78
 *(.data*)
 .data          0x0c100000       0x60 ./D8Led.o
 .data          0x0c100060        0x0 ./button.o
 .data          0x0c100060        0x0 ./gpio.o
 .data          0x0c100060        0x0 ./init.o
 .data          0x0c100060        0x0 ./leds.o
 .data          0x0c100060       0x14 ./main.o
 .data          0x0c100074        0x4 ./utils.o
 .data          0x0c100078        0x0 d:/ec/eclipsearm/sourcery-g++-lite-arm-2011.03/bin/../lib/gcc/arm-none-eabi/4.5.2\libgcc.a(_divsi3.o)
 .data          0x0c100078        0x0 d:/ec/eclipsearm/sourcery-g++-lite-arm-2011.03/bin/../lib/gcc/arm-none-eabi/4.5.2\libgcc.a(_dvmd_tls.o)
 *(.rodata*)
                0x0c100078                Image_ZI_Base = .

.bss            0x0c100078        0x8
 *(.bss*)
 .bss           0x0c100078        0x0 ./D8Led.o
 .bss           0x0c100078        0x0 ./button.o
 .bss           0x0c100078        0x0 ./gpio.o
 .bss           0x0c100078        0x0 ./init.o
 .bss           0x0c100078        0x4 ./leds.o
 .bss           0x0c10007c        0x0 ./main.o
 .bss           0x0c10007c        0x0 ./utils.o
 .bss           0x0c10007c        0x0 d:/ec/eclipsearm/sourcery-g++-lite-arm-2011.03/bin/../lib/gcc/arm-none-eabi/4.5.2\libgcc.a(_divsi3.o)
 .bss           0x0c10007c        0x0 d:/ec/eclipsearm/sourcery-g++-lite-arm-2011.03/bin/../lib/gcc/arm-none-eabi/4.5.2\libgcc.a(_dvmd_tls.o)
 *(COMMON)
 COMMON         0x0c10007c        0x4 ./main.o
                0x0c10007c                luz
                0x0c100080                Image_ZI_Limit = .

.text           0x0c100080      0xf58
 *(.text*)
 .text          0x0c100080       0xdc ./D8Led.o
                0x0c100080                D8Led_init
                0x0c1000a4                D8Led_segment
                0x0c100100                D8Led_digit
 .text          0x0c10015c       0x84 ./button.o
                0x0c10015c                read_button
 .text          0x0c1001e0      0x5a8 ./gpio.o
                0x0c1001e0                portB_conf
                0x0c1002a8                portB_write
                0x0c100364                portG_conf
                0x0c1004c8                portG_eint_trig
                0x0c1004f8                portG_write
                0x0c1005fc                portG_read
                0x0c1006c0                portG_conf_pup
 .text          0x0c100788       0xd0 ./init.o
                0x0c100788                start
 .text          0x0c100858      0x2c8 ./leds.o
                0x0c100858                leds_init
                0x0c10089c                led1_on
                0x0c1008dc                led1_off
                0x0c10091c                led2_on
                0x0c10095c                led2_off
                0x0c10099c                led1_switch
                0x0c1009dc                led2_switch
                0x0c100a1c                leds_switch
                0x0c100a5c                leds_display
 .text          0x0c100b20      0x234 ./main.o
                0x0c100b20                setup
                0x0c100bac                loop
                0x0c100d3c                main
 .text          0x0c100d54      0x138 ./utils.o
                0x0c100d54                Delay
 .text          0x0c100e8c      0x148 d:/ec/eclipsearm/sourcery-g++-lite-arm-2011.03/bin/../lib/gcc/arm-none-eabi/4.5.2\libgcc.a(_divsi3.o)
                0x0c100e8c                __divsi3
                0x0c100e8c                __aeabi_idiv
                0x0c100fb4                __aeabi_idivmod
 .text          0x0c100fd4        0x4 d:/ec/eclipsearm/sourcery-g++-lite-arm-2011.03/bin/../lib/gcc/arm-none-eabi/4.5.2\libgcc.a(_dvmd_tls.o)
                0x0c100fd4                __aeabi_idiv0
                0x0c100fd4                __aeabi_ldiv0
                0x0c100fd8                PROVIDE (end, .)
START GROUP
LOAD d:/ec/eclipsearm/sourcery-g++-lite-arm-2011.03/bin/../lib/gcc/arm-none-eabi/4.5.2\libgcc.a
LOAD d:/ec/eclipsearm/sourcery-g++-lite-arm-2011.03/bin/../lib/gcc/arm-none-eabi/4.5.2/../../../../arm-none-eabi/lib\libg.a
LOAD d:/ec/eclipsearm/sourcery-g++-lite-arm-2011.03/bin/../lib/gcc/arm-none-eabi/4.5.2/../../../../arm-none-eabi/lib\libc.a
LOAD d:/ec/eclipsearm/sourcery-g++-lite-arm-2011.03/bin/../lib/gcc/arm-none-eabi/4.5.2/../../../../arm-none-eabi/lib\libm.a
LOAD d:/ec/eclipsearm/sourcery-g++-lite-arm-2011.03/bin/../lib/gcc/arm-none-eabi/4.5.2/../../../../arm-none-eabi/lib\libnosys.a
END GROUP
OUTPUT(Practica2.elf elf32-littlearm)

.glue_7         0x0c100fd8        0x0
 .glue_7        0x00000000        0x0 linker stubs

.glue_7t        0x0c100fd8        0x0
 .glue_7t       0x00000000        0x0 linker stubs

.vfp11_veneer   0x0c100fd8        0x0
 .vfp11_veneer  0x00000000        0x0 linker stubs

.v4_bx          0x0c100fd8        0x0
 .v4_bx         0x00000000        0x0 linker stubs

.debug_abbrev   0x00000000      0x39e
 .debug_abbrev  0x00000000       0x88 ./D8Led.o
 .debug_abbrev  0x00000088       0x79 ./button.o
 .debug_abbrev  0x00000101       0xb7 ./gpio.o
 .debug_abbrev  0x000001b8       0x14 ./init.o
 .debug_abbrev  0x000001cc       0x8c ./leds.o
 .debug_abbrev  0x00000258       0xe1 ./main.o
 .debug_abbrev  0x00000339       0x65 ./utils.o

.debug_info     0x00000000      0x785
 .debug_info    0x00000000       0xdf ./D8Led.o
 .debug_info    0x000000df       0x84 ./button.o
 .debug_info    0x00000163      0x283 ./gpio.o
 .debug_info    0x000003e6       0x4c ./init.o
 .debug_info    0x00000432      0x139 ./leds.o
 .debug_info    0x0000056b      0x196 ./main.o
 .debug_info    0x00000701       0x84 ./utils.o

.debug_line     0x00000000      0x66b
 .debug_line    0x00000000       0x6d ./D8Led.o
 .debug_line    0x0000006d       0x87 ./button.o
 .debug_line    0x000000f4       0xd7 ./gpio.o
 .debug_line    0x000001cb       0x63 ./init.o
 .debug_line    0x0000022e       0x8c ./leds.o
 .debug_line    0x000002ba      0x346 ./main.o
 .debug_line    0x00000600       0x6b ./utils.o

.debug_macinfo  0x00000000    0x1f6b0
 .debug_macinfo
                0x00000000     0x50a4 ./D8Led.o
 .debug_macinfo
                0x000050a4     0x4c12 ./button.o
 .debug_macinfo
                0x00009cb6     0x4bcb ./gpio.o
 .debug_macinfo
                0x0000e881     0x4c0e ./leds.o
 .debug_macinfo
                0x0001348f     0x7655 ./main.o
 .debug_macinfo
                0x0001aae4     0x4bcc ./utils.o

.debug_loc      0x00000000      0x420
 .debug_loc     0x00000000       0x84 ./D8Led.o
 .debug_loc     0x00000084       0x2c ./button.o
 .debug_loc     0x000000b0      0x134 ./gpio.o
 .debug_loc     0x000001e4      0x18c ./leds.o
 .debug_loc     0x00000370       0x84 ./main.o
 .debug_loc     0x000003f4       0x2c ./utils.o

.debug_pubnames
                0x00000000      0x1d0
 .debug_pubnames
                0x00000000       0x43 ./D8Led.o
 .debug_pubnames
                0x00000043       0x22 ./button.o
 .debug_pubnames
                0x00000065       0x86 ./gpio.o
 .debug_pubnames
                0x000000eb       0x93 ./leds.o
 .debug_pubnames
                0x0000017e       0x36 ./main.o
 .debug_pubnames
                0x000001b4       0x1c ./utils.o

.debug_pubtypes
                0x00000000       0xd9
 .debug_pubtypes
                0x00000000       0x12 ./D8Led.o
 .debug_pubtypes
                0x00000012       0x1e ./button.o
 .debug_pubtypes
                0x00000030       0x43 ./gpio.o
 .debug_pubtypes
                0x00000073       0x1e ./leds.o
 .debug_pubtypes
                0x00000091       0x36 ./main.o
 .debug_pubtypes
                0x000000c7       0x12 ./utils.o

.debug_aranges  0x00000000       0xe0
 .debug_aranges
                0x00000000       0x20 ./D8Led.o
 .debug_aranges
                0x00000020       0x20 ./button.o
 .debug_aranges
                0x00000040       0x20 ./gpio.o
 .debug_aranges
                0x00000060       0x20 ./init.o
 .debug_aranges
                0x00000080       0x20 ./leds.o
 .debug_aranges
                0x000000a0       0x20 ./main.o
 .debug_aranges
                0x000000c0       0x20 ./utils.o

.debug_str      0x00000000      0x290
 .debug_str     0x00000000       0x6b ./D8Led.o
                                 0x78 (size before relaxing)
 .debug_str     0x0000006b       0x28 ./button.o
                                 0x5f (size before relaxing)
 .debug_str     0x00000093       0xc2 ./gpio.o
                                 0xfe (size before relaxing)
 .debug_str     0x00000155       0x79 ./leds.o
                                 0xbf (size before relaxing)
 .debug_str     0x000001ce       0x96 ./main.o
                                0x135 (size before relaxing)
 .debug_str     0x00000264       0x2c ./utils.o
                                 0x51 (size before relaxing)

.comment        0x00000000       0x2a
 .comment       0x00000000       0x2a ./D8Led.o
                                 0x2b (size before relaxing)
 .comment       0x00000000       0x2b ./button.o
 .comment       0x00000000       0x2b ./gpio.o
 .comment       0x00000000       0x2b ./leds.o
 .comment       0x00000000       0x2b ./main.o
 .comment       0x00000000       0x2b ./utils.o

.ARM.attributes
                0x00000000       0x30
 .ARM.attributes
                0x00000000       0x32 ./D8Led.o
 .ARM.attributes
                0x00000032       0x32 ./button.o
 .ARM.attributes
                0x00000064       0x32 ./gpio.o
 .ARM.attributes
                0x00000096       0x22 ./init.o
 .ARM.attributes
                0x000000b8       0x32 ./leds.o
 .ARM.attributes
                0x000000ea       0x32 ./main.o
 .ARM.attributes
                0x0000011c       0x32 ./utils.o
 .ARM.attributes
                0x0000014e       0x1a d:/ec/eclipsearm/sourcery-g++-lite-arm-2011.03/bin/../lib/gcc/arm-none-eabi/4.5.2\libgcc.a(_divsi3.o)
 .ARM.attributes
                0x00000168       0x18 d:/ec/eclipsearm/sourcery-g++-lite-arm-2011.03/bin/../lib/gcc/arm-none-eabi/4.5.2\libgcc.a(_dvmd_tls.o)

.debug_frame    0x00000000      0x380
 .debug_frame   0x00000000       0x70 ./D8Led.o
 .debug_frame   0x00000070       0x30 ./button.o
 .debug_frame   0x000000a0       0xf0 ./gpio.o
 .debug_frame   0x00000190      0x130 ./leds.o
 .debug_frame   0x000002c0       0x70 ./main.o
 .debug_frame   0x00000330       0x30 ./utils.o
 .debug_frame   0x00000360       0x20 d:/ec/eclipsearm/sourcery-g++-lite-arm-2011.03/bin/../lib/gcc/arm-none-eabi/4.5.2\libgcc.a(_divsi3.o)
